// Jest Snapshot v1, https://goo.gl/fbAQLP

exports[`should match snapshot 1`] = `
<div>
  <button
    class="buttonContainer"
  >
    <span />
  </button>
</div>
`;

exports[`should render 1`] = `
<div>
  <button
    class="buttonContainer"
  >
    <span />
  </button>
</div>
`;
