// Jest Snapshot v1, https://goo.gl/fbAQLP

exports[`should match snapshot 1`] = `
<div>
  <div
    class="basketContainer"
  >
    <span
      class="count"
    >
      0
    </span>
    <p>
      Sepetim
    </p>
  </div>
</div>
`;
